// Jest Snapshot v1, https://goo.gl/fbAQLP

exports[`should correctly render user form 1`] = `
<div>
  <div
    className="form-container"
  >
    <form
      className="input-form"
      onSubmit={[Function]}
    >
      <div>
        <label>
          User Name :
        </label>
        <input
          className="userName"
          type="text"
        />
      </div>
      <div>
        <label>
          Contact :
        </label>
        <input
          className="contact"
          type="text"
        />
      </div>
      <button
        className="formSubmit"
      >
        Submit
      </button>
    </form>
  </div>
</div>
`;
